{
  "input": "****",
  "xd": {
    "items": [
      "item1",
      "item2"
    ]
  },
  "ignore": [
    {
      "abc": "*********"
    },
    "sick",
    "lol"
  ]
}